// Jest Snapshot v1, https://goo.gl/fbAQLP

exports[`Login should match the snapshot 1`] = `
<div
  className="login-form-div"
>
  <form
    className="login-form"
    onSubmit={[Function]}
  >
    <div
      className="login-inner-div"
    />
    <div
      className="login-inner-div"
    >
      <label
        className="login-label"
        htmlFor="login-email"
      >
        Email
      </label>
      <input
        className="login-input"
        id="login-email"
        name="username"
        onChange={[Function]}
        type="email"
        value=""
      />
    </div>
    <div
      className="login-inner-div"
    >
      <label
        className="login-label"
        htmlFor="login-password"
      >
        Password
      </label>
      <input
        className="login-input"
        id="login-password"
        name="password"
        onChange={[Function]}
        value=""
      />
    </div>
    <button
      className="login-submit"
    >
      Submit
    </button>
    <p
      className="signup-message"
    >
      Don't have an account? 
      <Link
        replace={false}
        to="/signup"
      >
        Sign up!
      </Link>
    </p>
  </form>
</div>
`;
