// Jest Snapshot v1, https://goo.gl/fbAQLP

exports[`Login should match the snapshot 1`] = `
<div
  className="login-form-div"
>
  <form
    className="login-form"
    onSubmit={[Function]}
  >
    <div
      className="login-inner-div"
    >
      <label
        className="login-label"
        for="login-email"
      >
        Email
      </label>
      <input
        className="login-input"
        id="login-email"
        name="username"
        onChange={[Function]}
        type="email"
        value=""
      />
    </div>
    <div
      className="login-inner-div"
    >
      <label
        className="login-label"
        for="login-password"
      >
        Password
      </label>
      <input
        className="login-input"
        id="login-password"
        name="password"
        onChange={[Function]}
        value=""
      />
    </div>
    <button
      className="login-submit"
    >
      Submit
    </button>
    <span />
  </form>
</div>
`;
