// Jest Snapshot v1, https://goo.gl/fbAQLP

exports[`SignUp should match the snapshot 1`] = `
<div
  className="signup-form-div"
>
  <form
    className="signup-form"
    onSubmit={[Function]}
  >
    <div
      className="signup-inner-div"
    />
    <div
      className="signup-inner-div"
    >
      <label
        className="signup-label"
        htmlFor="signup-name"
      >
        Name
      </label>
      <input
        className="signup-input"
        id="signup-name"
        name="name"
        onChange={[Function]}
        value=""
      />
    </div>
    <div
      className="signup-inner-div"
    >
      <label
        className="signup-label"
        htmlFor="signup-email"
      >
        Email
      </label>
      <input
        className="signup-input"
        id="signup-email"
        name="username"
        onChange={[Function]}
        value=""
      />
    </div>
    <div
      className="signup-inner-div"
    >
      <label
        className="signup-label"
        htmlFor="signup-password"
      >
        Password
      </label>
      <input
        className="signup-input"
        id="signup-password"
        name="password"
        onChange={[Function]}
        value=""
      />
    </div>
    <button
      className="signup-submit"
    >
      Submit
    </button>
  </form>
</div>
`;
