// Jest Snapshot v1, https://goo.gl/fbAQLP

exports[`MovieDetails should match the snapshot 1`] = `
<div>
  <button
    className="favorite-btn "
    onClick={[Function]}
    value={false}
  >
    <i
      className="fas fa-star"
    />
  </button>
  <h3 />
  <img
    alt="undefined poster"
    src="https://image.tmdb.org/t/p/w200/undefined"
  />
  <p />
  <p />
</div>
`;
