// Jest Snapshot v1, https://goo.gl/fbAQLP

exports[`MovieDetails should match the snapshot 1`] = `
<div
  className="movie-details-div"
>
  <img
    alt="undefined poster"
    src="https://image.tmdb.org/t/p/w500/undefined"
  />
  <div>
    <div
      className="movie-details-title-div"
    >
      <h2 />
      <button
        className="favorite-btn "
        onClick={[Function]}
        value={false}
      >
        <i
          className="fas fa-star"
        />
      </button>
    </div>
    <p
      className="overview"
    />
    <p>
      Original Release Date: 
    </p>
    <p>
      The Movie DataBase Vote Average: 
    </p>
  </div>
</div>
`;
